[    0.000000] Initializing cgroup subsys cpuset
[    0.000000] Initializing cgroup subsys cpu
[    0.000000] Initializing cgroup subsys cpuacct
[  0000000] Linux version 4.4.0-142-generic (buildd@lgw01-amd64-033) (gcc version 5.4.0 20160609 (Ubuntu 5.4.0-6ubuntu1~16.04.10) ) #168-Ubuntu SMP Wed Jan 16 21:00:45 UTC 2019 (Ubuntu 4.4.0-142.168-generic 4.4.167)
[  0000000] Command line: BOOT_IMAGE=/boot/vmlinuz-4.4.0-142-generic root=LABEL=cloudimg-rootfs ro console=tty1 console=ttyS0
[  0.000000] KERNEL supported cpus:
[    0.000000]   Intel GenuineIntel
[    0.000000]   AMD AuthenticAMD
[    0.000000]   Centaur CentaurHauls
[    0.000000] x86/fpu: xstate_offset[2]:  576, xstate_sizes[2]:  256
[    0.000000] x86/fpu: Supporting XSAVE feature 0x01: 'x87 floating point registers'
[    .000000] x86/fpu: Supporting XSAVE feature 0x02: 'SSE registers'
[    0.000000] x86/fpu: Supporting XSAVE feature 0x04: 'AVX registers'
[  0.00000] x86/fpu: Enabled xstate features 0x7, context size is 832 bytes, using 'standard' format.
[    0.000000] e820: BIOS-prvided physical RAM map:
[    0.000000] BIOS-e820: [mem 0x0000000000000000-0x00000000000fbff] usable
[    0.000000] BIOS-e820: [mem 0x000000000009fc00-0x000000000009ffff] reseed
[    0.000000] BIOS-e820: [mem 0x00000000000f0000-0x00000000000fffff] reserved
[    0.000000] BIOS-e820: [mem 0x0000000000100000-0x000000003ffeffff] usable
[    0.000000] BIOS-e820: [mem 0x000000003fff0000-0x000000003fffffff] ACPI data
[    0.000000] BIOS-e820: [mem 0x00000000fec00000-0x00000000fec00fff] reserved
[  00000000] BIOS-e820: [mem 0x00000000fee00000-0x00000000fee00fff] reserved
[    0.000000] BIOS-e820: [mem 0x00000000fffc0000-0x00000000ffffffff] reserved
[    0.000000] NX (Execute Disable) protection: active
[    0.000000] SMBIOS 2.5 present.
[    0.000000] Hypervisor detected: KVM
[    0.000000] e820: last_pfn = 0x3fff0 max_arch_pfn = 0x400000000
[    0.000000] MTRR: Disabled
[    0.000000] x86/PAT: MTRRs disabled, skipping PAT initialization too.
[    0.000000] CPU MTRRs all blank - virtualized system.
[   0.000000] x86/PAT: Configuration [0-7]: WB  WT  UC- UC  WB  WT  UC- UC  
[    0.000000] found SMP MP-table at [mem 0x0009ff-00009ffff] mapped at [ffff88000009fff0]
[    0.000000] Scanning 1 areas for low memory corruption
[    0.000000] RAMDISK: [mem 0x36308000-0x3717bfff]
[    0.000000] ACPI: Early table checksum verification disabled
[    0.000000] ACPI: RSDP 0x00000000000E0000 000024 (v02 VBOX  )
[    0.000000] ACPI: XSDT 0x000000003FFF0030 00003C (v01 VBOX   VBOXXSDT 00000001 ASL  00000061)
[    0.000000] ACPI: FACP 0x000000003FFF00F0 0000F4 (v04 VBOX   VBOXFACP 00000001 ASL  00000061)
[    0.000000] ACPI: DSDT 0x000000003FFF0470 0021FF (v02 VBOX   VBOXBIOS 00000002 INTL 20100528)
[    0.000000] ACPI: FACS 0x000000003FFF0200 000040
[    0.000000] ACPI: FACS 0x000000003FFF0200 000040
[    0.000000] ACPI: APIC 0x000000003FFF0240 00005C (v02 VBOX   VBOXAPIC 00000001 ASL  00000061)
[    0.000000] ACPI: SSDT 0x000000003FFF02A0 0001CC (v01 VBOX   VBOXCPUT 00000002 INTL 20100528)
[    0.000000] No NUMA configuration found
[    0.000000] Faking a node at [mem 0x0000000000000000-0x000000003ffeffff]
[    0.000000] NODE_DATA(0) allocated [mem 0x3ffeb000-0x3ffeffff]
[    0.000000] kvm-clock: Using msrs 4b564d01 and 4b564d00
[    0.000000] kvm-clock: cpu 0, msr 0:3ffe3001, primary cpu clock
[    0.000000] kvm-clock: using sched offset of 4370374152 cycles
[    0.000000] clocksource: kvm-clock: mask: 0xffffffffffffffff max_cycles: 0x1cd42e4dffb, max_idle_ns: 881590591483 ns
[    0.000000] Zone ranges:
[    0.000000]   DMA      [mem 0x0000000000001000-0x0000000000ffffff]
[    0.000000]   DMA32    [mem 0x0000000001000000-0x000000003ffeffff]
[    0.000000]   Normal   empty
[    0.000000]   Device   empty
[    0.000000] Movable zone start for each node
[    0.000000] Early memory node ranges
[    0.000000]   node   0: [mem 0x0000000000001000-0x000000000009efff]
[    0.000000]   node   0: [mem 0x0000000000100000-0x000000003ffeffff]
[    0.000000] Initmem setup node 0 [mem 0x0000000000001000-0x000000003ffeffff]
[    0.000000] ACPI: PM-Timer IO Port: 0x4008
[    0.000000] IOAPIC[0]: apic_id 2, version 32, address 0xfec00000, GSI 0-23
[    0.000000] ACPI: INT_SRC_OVR (bus 0 bus_irq 0 global_irq 2 dfl dfl)
[    0.000000] ACPI: INT_SRC_OVR (bus 0 bus_irq 9 global_irq 9 low level)
[    0.000000] Using ACPI (MADT) for SMP configuration information
[    0.000000] smpboot: Allowing 2 CPUs, 0 hotplug CPUs
[    0.000000] PM: Registered nosave memory: [mem 0x00000000-0x00000fff]
[    0.000000] PM: Registered nosave memory: [mem 0x0009f000-0x0009ffff]
[    0.000000] PM: Registered nosave memory: [mem 0x000a0000-0x000effff]
[    0.000000] PM: Registered nosave memory: [mem 0x000f0000-0x000fffff]
[    0.000000] e820: [mem 0x40000000-0xfebfffff] available for PCI devices
[    0.000000] Booting paravirtualized kernel on KVM
[    0.000000] clocksource: refined-jiffies: mask: 0xffffffff max_cycles: 0xffffffff, max_idle_ns: 7645519600211568 ns
[    0.000000] setup_percpu: NR_CPUS:512 nr_cpumask_bits:512 nr_cpu_ids:2 nr_node_ids:1
[    0.000000] PERCPU: Embedded 34 pages/cpu @ffff88003fc00000 s99480 r8192 d31592 u1048576
[    0.000000] Built 1 zonelists in Node order, mobility grouping on.  Total pages: 257912
[    0.000000] Policy zone: DMA32
[    0.000000] Kernel command line: BOOT_IMAGE=/boot/vmlinuz-4.4.0-142-generic root=LABEL=cloudimg-rootfs ro console=tty1 console=ttyS0
[    0.000000] PID hash table entries: 4096 (order: 3, 32768 bytes)
[    0.000000] Memory: 997732K/1048120K available (8603K kernel code, 1332K rwdata, 4004K rodata, 1484K init, 1316K bss, 50388K reserved, 0K cma-reserved)
[    0.000000] SLUB: HWalign=64, Order=0-3, MinObjects=0, CPUs=2, Nodes=1
[    0.000000] Kernel/User page tables isolation: enabled
[    0.000000] Hierarchical RCU implementation.
[    0.000000] 	Build-time adjustment of leaf fanout to 64.
[    0.000000] 	RCU restricting CPUs from NR_CPUS=512 to nr_cpu_ids=2.
[    0.000000] RCU: Adjusting geometry for rcu_fanout_leaf=64, nr_cpu_ids=2
[    0.000000] NR_IRQS:33024 nr_irqs:440 16
[    0.000000] Console: colour VGA+ 80x25
[    0.000000] console [tty1] enabled
[    0.000000] console [ttyS0] enabled
[    0.000000] tsc: Detected 2394.542 MHz processor
[    0.796234] Calibrating delay loop (skipped) preset value.. 479.08 BogoMIPS (lpj=9578168)
[    0.816320] pid_max: default: 32768 minimum: 301

[    0.818361] ACPI: Core revision 20150930
[    0.822644] ACPI: 2 ACPI AML tables successfully acquired and loaded
[    0.833179] Security Framework initialized
[    0.836035] Yama: becoming mindful.
[    0.838918] AppArmor: AppArmor initialized
[    0.844677] Dentry cache hash table entries: 131072 (order: 8, 1048576 bytes)
[    0.850348] Inode-cache hash table entries: 65536 (order: 7, 524288 bytes)
[    0.858077] Mount-cache hash table entries: 2048 (order: 2, 16384 bytes)
[    0.861255] Mountpoint-cache hash table entries: 2048 (order: 2, 16384 bytes)
[    0.866144] Initializing cgroup subsys io
[    0.868704] Initializing cgroup subsys memory
[    0.873144] Initializing cgroup subsys devices
[    0.878264] Initializing cgroup subsys freezer
[    0.880912] Initializing cgroup subsys net_cls
[    0.884906] Initializing cgroup subsys perf_event
[    0.888276] Initializing cgroup subsys net_prio
[    0.892700] Initializing cgroup subsys hugetlb
[    0.897230] Initializing cgroup subsys pids
[    0.900900] mce: CPU supports 0 MCE banks
[    0.909274] Last level iTLB entries: 4KB 512, 2MB 8, 4MB 8
[    0.917280] Last level dTLB entries: 4KB 512, 2MB 32, 4MB 32, 1GB 0
[    0.921624] Spectre V2 : Mitigation: Full generic retpoline
[    0.931128] Spectre V2 : Spectre v2 / SpectreRSB mitigation: Filling RSB on context switch
[    0.935067] Speculative Store Bypass: Vulnerable
[    0.940778] Freeing SMP alternatives memory: 32K
[    0.951020] ftrace: allocating 32277 entries in 127 pages
[    1.028241] smpboot: APIC(0) Converting physical 0 to logical package 0
[    1.033869] smpboot: Max logical packages: 1
[    1.035728] x2apic enabled
[    1.038149] Switched APIC routing to physical x2apic.
[    1.046752] ..TIMER: vector=0x30 apic1=0 pin1=2 apic2=-1 pin2=-1
[    1.155476] APIC calibration not consistent with PM-Timer: 98ms instead of 100ms
[    1.157905] APIC delta adjusted to PM-Timer: 6244904 (6180267)
[    1.161414] smpboot: CPU0: Intel(R) Core(TM) i5-2435M CPU @ 2.40GHz (family: 0x6, model: 0x2a, stepping: 0x7)
[    1.182533] Performance Events: unsupported p6 CPU model 42 no PMU driver, software events only.
[    1.198390] KVM setup paravirtual spinlock
[    1.203832] x86: Booting SMP configuration:
[    1.206975] .... node  #0, CPUs:      #1
[    1.217205] kvm-clock: cpu 1, msr 0:3ffe3041, secondary cpu clock
[    1.219306] mce: CPU supports 0 MCE banks
[    1.222610] x86: Booted up 1 node, 2 CPUs
[    1.224293] smpboot: Total of 2 processors activated (9578.16 BogoMIPS)
[    1.228024] devtmpfs: initialized
[    1.231511] evm: security.selinux
[    1.234167] evm: security.SMACK64
[    1.235415] evm: security.SMACK64EXEC
[    1.238621] evm: security.SMACK64TRANSMUTE
[    1.241178] evm: security.SMACK64MMAP
[    1.243577] evm: security.ima
[    1.246386] evm: security.capability
[    1.249020] clocksource: jiffies: mask: 0xffffffff max_cycles: 0xffffffff, max_idle_ns: 7645041785100000 ns
[    1.252151] futex hash table entries: 512 (order: 3, 32768 bytes)
[    1.254772] pinctrl core: initialized pinctrl subsystem
[    1.256593] RTC time: 23:31:45, date: 02/24/19
[    1.259424] NET: Registered protocol family 16
[    1.273876] cpuidle: using governor ladder
[    1.289831] cpuidle: using governor menu
[    1.292343] PCCT header not found.
[    1.295334] ACPI: bus type PCI registered
[    1.296685] acpiphp: ACPI Hot Plug PCI Controller Driver version: 0.5
[    1.298819] PCI: Using configuration type 1 for base access
[    1.314890] ACPI: Added _OSI(Module Device)
[    1.316326] ACPI: Added _OSI(Processor Device)
[    1.317867] ACPI: Added _OSI(3.0 _SCP Extensions)
[    1.319469] ACPI: Added _OSI(Processor Aggregator Device)
[    1.322066] ACPI: Executed 1 blocks of module-level executable AML code
[    1.330917] ACPI: Interpreter enabled
[    1.334129] ACPI: (supports S0 S5)
[    1.336464] ACPI: Using IOAPIC for interrupt routing
[    1.339396] PCI: Using host bridge windows from ACPI; if necessary, use "pci=nocrs" and report a bug
[    1.349511] ACPI: PCI Root Bridge [PCI0] (domain 0000 [bus 00-ff])
[    1.356755] acpi PNP0A03:00: _OSC: OS supports [ASPM ClockPM Segments MSI]
[    1.358925] acpi PNP0A03:00: _OSC: not requesting OS control; OS requires [ExtendedConfig ASPM ClockPM MSI]
[    1.362014] acpi PNP0A03:00: fail to add MMCONFIG information, can't access extended PCI configuration space under this bridge.
[    1.366135] PCI host bridge to bus 0000:00
[    1.368691] pci_bus 0000:00: root bus resource [io  0x0000-0x0cf7 window]
[    1.376111] pci_bus 0000:00: root bus resource [io  0x0d00-0xffff window]
[    1.379276] pci_bus 0000:00: root bus resource [mem 0x000a0000-0x000bffff window]
[    1.383806] pci_bus 0000:00: root bus resource [mem 0x40000000-0xfdffffff window]
[    1.386286] pci_bus 0000:00: root bus resource [bus 00-ff]
[    1.392202] pci 0000:00:01.1: legacy IDE quirk: reg 0x10: [io  0x01f0-0x01f7]
[    1.397939] pci 0000:00:01.1: legacy IDE quirk: reg 0x14: [io  0x03f6]
[    1.401543] pci 0000:00:01.1: legacy IDE quirk: reg 0x18: [io  0x0170-0x0177]
[    1.404217] pci 0000:00:01.1: legacy IDE quirk: reg 0x1c: [io  0x0376]
[    1.442411] pci 0000:00:07.0: quirk: [io  0x4000-0x403f] claimed by PIIX4 ACPI
[    1.447427] pci 0000:00:07.0: quirk: [io  0x4100-0x410f] claimed by PIIX4 SMB
[    1.460932] ACPI: PCI Interrupt Link [LNKA] (IRQs 5 9 10 *11)
[    1.463616] ACPI: PCI Interrupt Link [LNKB] (IRQs 5 9 *10 11)
[    1.474242] ACPI: PCI Interrupt Link [LNKC] (IRQs 5 *9 10 11)
[    1.480324] ACPI: PCI Interrupt Link [LNKD] (IRQs 5 9 10 *11)
[    1.482945] ACPI: Enabled 2 GPEs in block 00 to 07
[    1.485150] vgaarb: setting as boot device: PCI:0000:00:02.0
[    1.486954] vgaarb: device added: PCI:0000:00:02.0,decodes=io+mem,owns=io+mem,locks=none
[    1.489531] vgaarb: loaded
[    1.491707] vgaarb: bridge control possible 0000:00:02.0
[    1.494776] SCSI subsystem initialized
[    1.497742] ACPI: bus type USB registered
[    1.500212] usbcore: registered new interface driver usbfs
[    1.503130] usbcore: registered new interface driver hub
[    1.504843] usbcore: registered new device driver usb
[    1.508642] PCI: Using ACPI for IRQ routing
[    1.511735] NetLabel: Initializing
[    1.515128] NetLabel:  domain hash size = 128
[    1.517709] NetLabel:  protocols = UNLABELED CIPSOv4
[    1.520418] NetLabel:  unlabeled traffic allowed by default
[    1.523541] amd_nb: Cannot enumerate AMD northbridges
[    1.527167] clocksource: Switched to clocksource kvm-clock
[    1.539418] AppArmor: AppArmor Filesystem Enabled
[    1.544564] pnp: PnP ACPI init
[    1.547360] pnp: PnP ACPI: found 3 devices
[    1.563615] clocksource: acpi_p: mask: 0xffffff max_cycles: 0xffffff, max_idle_ns: 2085701024 ns
[    1.611248] NET: Registered protocol family 2
[    1.621903] TCP established hash table entries: 8192 (order: 4, 65536 bytes)
[    1.625953] TCP bind hash table entries: 8192 (order: 5, 13102 ytes)
[    1.697464] TCP: Hash tables configured (established 8192 bind 8192)
[    1.700171] UDP hash table tres: 512 (order: 2, 16384 bytes)
[    1.778657] UDP-Lite hash table entries: 512 (order: 2, 16384 bytes)
[    1.781304] NET: Registered protocol family 1
[    1.783190] pci 0000:00:00.0: Limiting direct PCI/PCI transfers
[    1.785849] pci 0000:00:01.0: Activating ISA DMA hang workarounds
[  17868] npckngintrmf..
[    2.398361] Freeing initrd memory: 14800K
[    2.407131] RAPL PMU detected, API unit is 2^-32 Joules, 3 fixed counters 10737418240 ms ovfl timer
[    2.417347] hw unit of domain pp0-core 2^-0 Joules
[    2.421135] hw unit of domain package 2^-0 Joules
[    2.422667] hw unit of domain pp1-gpu 2^-0 Joules
[    2.425364] platform rtc_cmos: registered platform RTC device (no PNP device found)
[    2.429215] Scanning for low memory corruption every 60 seconds
[    2.435325] audit: initializing netlink subsys (disabled)
[    2.437137] audit: type=2000 audit(1551051112.119:1): initialized
[    2.445866] Initialise system trusted keyring
[    2.447700] HugeTLB registered 2 MB page size, pre-allocated 0 pages
[    2.451034] zbud: loaded
[    2.453642] VFS: Disk quotas dquot_6.6.0
[    2.458054] VFS: Dquot-cache hash table entries: 512 (order 0, 4096 bytes)
[    2.462835] squashfs: version 4.0 (2009/01/31) Phillip Lougher
[    2.466218] fuse init (API version 7.23)
[    2.467801] Key type big_key registered
[    2.475817] Allocating IMA MOK and blacklist keyrings.
[    2.479729] Key type asymmetric registered
[    2.481100] Asymmetric key parser 'x509' registered
[    2.482710] Block layer SCSI generic (bsg) driver version 0.4 loaded (major 249)
[    2.486609] io scheduler noop registered
[    2.488073] io scheduler deadline registered (default)
[    2.500453] io scheduler cfq registered
[    2.507078] pci_hotplug: PCI Hot Plug PCI Core version: 0.5
[    2.517881] pciehp: PCI Express Hot Plug Controller Driver version: 0.4
[    2.527969] ACPI: AC Adapter [AC] (off-line)
[    2.536158] input: Power Button as /devices/LNXSYSTM:00/LNXPWRBN:00/input/input0
[    2.560678] ACPI: Power Button [PWRF]
[    2.566063] input: Sleep Button as /devices/LNXSYSTM:00/LNXSLPBN:00/input/input1
[    2.568798] ACPI: Sleep Button [SLPF]
[    2.579346] GHES: HEST is not enabled!
[    2.580620] ACPI: Battery Slot [BAT0] (battery present)
[    2.582503] Serial: 8250/16550 driver, 32 ports, IRQ sharing enabled
[    2.614339] 00:02: ttyS0 at I/O 0x3f8 (irq = 4, base_baud = 115200) is a 16550A
[    2.618088] Linux agpgart interface v0.103
[    2.623507] loop: module loaded
[    2.627098] scsi host0: ata_piix
[    2.629180] scsi host1: ata_piix
[    2.630383] ata1: PATA max UDMA/33 cmd 0x1f0 ctl 0x3f6 bmdma 0xd000 irq 14
[    2.632521] ata2: PATA max UDMA/33 cmd 0x170 ctl 0x376 bmdma 0xd008 irq 15
[    2.634838] libphy: Fixed MDIO Bus: probed
[    2.636322] tun: Universal TUN/TAP device driver, 1.6
[    2.638005] tun: (C) 1999-2004 Max Krasnyansky <maxk@qualcomm.com>
[    2.639978] PPP generic driver version 2.4.2
[    2.645815] ehci_hcd: USB 2.0 'Enhanced' Host Controller (EHCI) Driver
[    2.647843] ehci-pci: EHCI PCI platform driver
[    2.656837] ehci-platform: EHCI generic platform driver
[    2.658526] ohci_hcd: USB 1.1 'Open' Host Controller (OHCI) Driver
[    2.660438] ohci-pci: OHCI PCI platform driver
[    2.667116] ohci-platform: OHCI generic platform driver
[    2.676663] uhci_hcd: USB Universal Host Controller Interface driver
[    2.682459] i8042: PNP: PS/2 Controller [PNP0303:PS2K,PNP0f03:PS2M] at 0x60,0x64 irq 1,12
[    2.691276] serio: i8042 KBD port at 0x60,0x64 irq 1
[    2.693365] serio: i8042 AUX port at 0x60,0x64 irq 12
[    2.695946] mousedev: PS/2 mouse device common for all mice
[    2.716064] input: AT Translated Set 2 keyboard as /devices/platform/i8042/serio0/input/input2
[    2.721031] rtc_cmos rtc_cmos: rtc core: registered rtc_cmos as rtc0
[    2.724311] rtccmos rtc_cmos: alarms up to one day, 114 bytes nvram
[    2.777495] i2c /dev entries driver
[    2.779922] device-mapper: uevent: version 1.0.3

[    2.782987] device-mapper: ioctl: 4.34.0-ioctl (2015-10-28) initialised: dm-devel@redhat.com
[    2.797190] ledtrig-cpu: registered to indicate activity on CPUs
[    2.818078] NET: Registered protocol family 10
[    2.828865] NET: Registered protocol family 17
[    2.832372] Key type dns_resolver registered
[    2.843456] registered taskstats version 1
[    2.844950] Loading compiled-in X.509 certificates
[    2.847774] Loaded X.509 cert 'Build time autogenerated kernel key: bff73e56bc0efa7435b2a24f5427674623f1be80'
[   .8405]zsap loaded using pool lzo/zbud

[    3.049728] Key type trusted registered
[    3.057306] Key type encrypted registered
[    3.059051] AppArmor: AppArmor sha1 policy hashing enabled
[    3.061407] ima: No TPM chip found, activating TPM-bypass!
[    3.063619] ima: Allocated hash algorithm: sha1
[    3.065702] evm: HMAC attrs: 0x1
[    3.067826]   Magic number: 7:697:555
[    3.069563] rtc_cmos rtc_cmos: setting system clock to 2019-02-24 23:31:47 UTC (1551051107)
[    3.073332] BIOS EDD facility v0.16 2004-Jun-25, 0 devices found
[    3.075807] EDD information not available.
[    3.082615] Freeing unused kernel memory: 1484K
[    3.099531] Write protecting the kernel read-only data: 14336k
[    3.102705] Freeing unused kernel memory: 1624K
[    3.105128] Freeing unused kernel memory: 92K
Loading, please wait...
starting version 229
[    3.127595] random: systemd-udevd: uninitialized urandom read (16 bytes read, 3 bits of entropy available)
[    3.128512] random: udevadm: uninitialized urandom read (16 bytes read, 3 bits of entropy available)
[    3.128562] random: udevadm: uninitialized urandom read (16 bytes read, 3 bits of entropy available)
[    3.148983] random: systemd-udevd: uninitialized urandom read (16 bytes read, 3 bits of entropy available)
[    3.150558] random: udevadm: uninitialized urandom read (16 bytes read, 3 bits of entropy available)
[    3.150664] random: udevadm: uninitialized urandom read (16 bytes read, 3 bits of entropy available)
[    3.151054] random: udevadm: uninitialized urandom read (16 bytes read, 3 bits of entropy available)
[    3.151271] random: udevadm: uninitialized urandom read (16 bytes read, 3 bits of entropy available)
[    3.151374] random: udevadm: uninitialized urandom read (16 bytes read, 3 bits of entropy available)
[    3.151472] random: udevadm: uninitialized urandom read (16 bytes read, 3 bits of entropy available)
[    3.228692] Fusion MPT base driver 3.04.20
[    3.230122] Copyright (c) 1999-2008 LSI Corporation
[    3.241613] e1000: Intel(R) PRO/1000 Network Driver - version 7.3.21-k8-NAPI
[    3.246990] e1000: Copyright (c) 1999-2006 Intel Corporation.
[    3.261563] Fusion MPT SPI Host driver 3.04.20
[    3.276644] AVX version of gcm_enc/dec engaged.
[    3.278184] AES CTR mode by8 optimization enabled
[    3.426806] tsc: Refined TSC clocksource calibration: 2396.028 MHz
[    3.450688] clocksource: tsc: mask: 0xffffffffffffffff max_cycles: 0x22898f52f5f, max_idle_ns: 440795259477 ns
[    3.463355] input: ImExPS/2 Generic Explorer Mouse as /devices/platform/i8042/serio1/input/input4
[    3.716171] e1000 0000:00:03.0 eth0: (PCI:33MHz:32-bit) 02:3e:59:1c:26:9a
[    3.718380] e1000 0000:00:03.0 eth0: Intel(R) PRO/1000 Network Connection
[    3.723293] mptbase: ioc0: Initiating bringup
[    3.723814] e1000 0000:00:03.0 enp0s3: renamed from eth0
[    3.796366] ioc0: LSI53C1030 A0: Capabilities={Initiator}
[    3.995675] scsi host2: ioc0: LSI53C1030 A0, FwRev=00000000h, Ports=1, MaxQ=256, IRQ=20
[    4.113647] scsi 2:0:0:0: Direct-Access     VBOX     HARDDISK         1.0  PQ: 0 ANSI: 5
[    4.122549] scsi target2:0:0: Beginning Domain Validation
[    4.127142] scsi target2:0:0: Domain Validation skipping write tests
[    4.129145] scsi target2:0:0: Ending Domain Validation
[    4.141453] scsi target2:0:0: asynchronous
[    4.158349] scsi 2:0:1:0: Direct-Access     VBOX     HARDDISK         1.0  PQ: 0 ANSI: 5
[    4.161015] scsi target2:0:1: Beginning Domain Validation
[    4.178693] scsi target2:0:1: Domain Validation skipping write tests
[    4.180712] scsi target2:0:1: Ending Domain Validation
[    4.186414] scsi target2:0:1: asynchronous
[    4.206316] sd 2:0:0:0: Attached scsi generic sg0 type 0
[    4.207025] sd 2:0:0:0: [sda] 20971520 512-byte logical blocks: (10.7 GB/10.0 GiB)
[    4.207400] sd 2:0:0:0: [sda] Write Protect is off
[    4.207589] sd 2:0:0:0: [sda] Incomplete mode parameter data
[    4.207590] sd 2:0:0:0: [sda] Assuming drive cache: write through
[    4.225861] sd 2:0:1:0: Attached scsi generic sg1 type 0
[    4.225973] sd 2:0:1:0: [sdb] 20480 512-byte logical blocks: (10.5 MB/10.0 MiB)
[    4.226384] sd 2:0:1:0: [sdb] Write Protect is off
[    4.226566] sd 2:0:1:0: [sdb] Incomplete mode parameter data
[    4.226568] sd 2:0:1:0: [sdb] Assuming drive cache: write through
[    4.236051]  sda: sda1
[    4.237314] sd 2:0:0:0: [sda] Attached SCSI disk
[    4.251566] sd 2:0:1:0: [sdb] Attached SCSI disk
Begin: Loading essential drivers ... [    5.756817] md: linear personality registered for level -1
[    5.762379] md: multipath personality registered for level -4
[    5.768195] md: raid0 personality registered for level 0
[    5.775321] md: raid1 personality registered for level 1
[    5.847743] raid6: sse2x1   gen()  7073 MB/s
[    5.915183] raid6: sse2x1   xor()  5546 MB/s
[    5.983279] raid6: sse2x2   gen()  8334 MB/s
[    6.054587] raid6: sse2x2   xor()  7241 MB/s
[    6.124839] raid6: sse2x4   gen() 10597 MB/s
[    6.211368] raid6: sse2x4   xor()  6214 MB/s
[    6.214074] raid6: using algorithm sse2x4 gen() 10597 MB/s
[    6.217510] raid6: .... xor() 6214 MB/s, rmw enabled
[    6.222751] raid6: using ssse3x2 recovery algorithm
[    6.231410] xor: automatically using best checksumming function:
[    6.295594]    avx       : 18505.000 MB/sec
[    6.298926] async_tx: api initialized (async)
[    6.315647] md: raid6 personality registered for level 6
[    6.317837] md: raid5 personality registered for level 5
[    6.320004] md: raid4 personality registered for level 4
[    6.330551] md: raid10 personality registered for level 10
done.
Begin: Running /scripts/init-premount ... done.
Begin: Mounting root file system ... Begin: Running /scripts/local-top ... done.
Begin: Running /scripts/local-premount ... [    6.377060] Btrfs loaded
Scanning for Btrfs filesystems
done.
Warning: fsck not present, so skipping root file system
[    6.447923] EXT4-fs (sda1): INFO: recovery required on readonly filesystem
[    6.450038] EXT4-fs (sda1): write access will be enabled during recovery
[    7.113240] EXT4-fs (sda1): orphan cleanup on readonly fs
[    7.116282] EXT4-fs (sda1): 1 orphan inode deleted
[    7.457573] EXT4-fs (sda1): recovery complete
[    7.460322] EXT4-fs (sda1): mounted filesystem with ordered data mode. Opts: (null)
done.
Begin: Running /scripts/local-bottom ... done.
Begin: Running /scripts/init-bottom ... done.
[    7.967334] random: nonblocking pool is initialized
[    8.671805] systemd[1]: systemd 229 running in system mode. (+PAM +AUDIT +SELINUX +IMA +APPARMOR +SMACK +SYSVINIT +UTMP +LIBCRYPTSETUP +GCRYPT +GNUTLS +ACL +XZ -LZ4 +SECCOMP +BLKID +ELFUTILS +KMOD -IDN)
[    8.681454] systemd[1]: Detected virtualization oracle.
[    8.683414] systemd[1]: Detected architecture x86-64.

Welcome to [1mUbuntu 16.04.5 LTS[0m!

[    8.722480] systemd[1]: Set hostname to <ubuntu-xenial>.
[    9.902055] systemd[1]: Reached target User and Group Name Lookups.
[[0;32m  OK  [0m] Reached target User and Group Name Lookups.
[    9.920635] systemd[1]: Listening on /dev/initctl Compatibility Named Pipe.
[[0;32m  OK  [0m] Listening on /dev/initctl Compatibility Named Pipe.
[    9.940189] systemd[1]: Reached target Swap.
[[0;32m  OK  [0m] Reached target Swap.
[    9.956271] systemd[1]: Listening on Journal Socket.
[[0;32m  OK  [0m] Listening on Journal Socket.
[    9.976967] systemd[1]: Set up automount Arbitrary Executable File Formats File System Automount Point.
[[0;32m  OK  [0m] Set up automount Arbitrary Executab...ats File System Automount Point.
[    9.995153] systemd[1]: Listening on LVM2 poll daemon socket.
[[0;32m  OK  [0m] Listening on LVM2 poll daemon socket.
[   10.000578] systemd[1]: Started Trigger resolvconf update for networkd DNS.
[[0;32m  OK  [0m] Started Trigger resolvconf update for networkd DNS.
[   10.020170] systemd[1]: Reached target Encrypted Volumes.
[[0;32m  OK  [0m] Reached target Encrypted Volumes.
[   10.024216] systemd[1]: Listening on Syslog Socket.
[[0;32m  OK  [0m] Listening on Syslog Socket.
[   10.029416] systemd[1]: Listening on Device-mapper event daemon FIFOs.
[[0;32m  OK  [0m] Listening on Device-mapper event daemon FIFOs.
[   10.033577] systemd[1]: Listening on Journal Socket (/dev/log).
[[0;32m  OK  [0m] Listening on Journal Socket (/dev/log).
[   10.068408] systemd[1]: Listening on Journal Audit Socket.
[[0;32m  OK  [0m] Listening on Journal Audit Socket.
[   10.084017] systemd[1]: Reached target System Time Synchronized.
[[0;32m  OK  [0m] Reached target System Time Synchronized.
[   10.100166] systemd[1]: Listening on udev Kernel Socket.
[[0;32m  OK  [0m] Listening on udev Kernel Socket.
[   10.120185] systemd[1]: Listening on udev Control Socket.
[[0;32m  OK  [0m] Listening on udev Control Socket.
[   10.127939] systemd[1]: Listening on LVM2 metadata daemon socket.
[[0;32m  OK  [0m] Listening on LVM2 metadata daemon socket.
[   10.157717] systemd[1]: Created slice System Slice.
[[0;32m  OK  [0m] Created slice System Slice.
[   10.195679] systemd[1]: Starting Nameserver information manager...
         Starting Nameserver information manager...
[   10.201524] systemd[1]: Starting Set console keymap...
         Starting Set console keymap...
[   10.217871] systemd[1]: Starting Uncomplicated firewall...
         Starting Uncomplicated firewall...
[   10.225771] systemd[1]: Starting Remount Root and Kernel File Systems...
         Starting Remount Root and Kernel File Systems...
[   10.233733] systemd[1]: Mounting Huge Pages File System...
         Mounting Huge Pages File System...
[   10.256215] systemd[1]: Created slice system-serial\x2dgetty.slice.
[[0;32m  OK  [0m] Created slice system-serial\x2dgetty.slice.
[   10.308136] systemd[1]: Starting Journal Service...
         Starting Journal Service...
[   10.371650] systemd[1]: Starting Load Kernel Modules...
         Starting Load Kernel Modules...
[   10.377339] systemd[1]: Mounting POSIX Message Queue File System...
         Mounting POSIX Message Queue File System...
[   10.389122] systemd[1]: Mounting Debug File System...
         Mounting Debug File System...
[   10.395710] systemd[1]: Starting Create list of required static device nodes for the current kernel...
         Starting Create list of required st... nodes for the current kernel...
[   10.415050] systemd[1]: Starting Monitoring of LVM2 mirrors, snapshots etc. using dmeventd or progress polling...
         Starting Monitoring of LVM2 mirrors... dmeventd or progress polling...
[   10.421625] systemd[1]: Started Forward Password Requests to Wall Directory Watch.
[[0;32m  OK  [0m] Started Forward Password Requests to Wall Directory Watch.
[   10.445171] systemd[1]: Created slice User and Session Slice.
[[0;32m  OK  [0m] Created slice User and Session Slice.
[   10.464105] systemd[1]: Reached target Slices.
[   10.467530] EXT4-fs (sda1): re-mounted. Opts: (null)
[[0;32m  OK  [0m] Reached target Slices.
[   10.495282] systemd[1]: Mounted Debug File System.
[[0;32m  OK  [0m] Mounted Debug File System.
[   10.502966] systemd[1]: Mounted Huge Pages File System.
[[0;32m  OK  [0m] Mounted Huge Pages File System.
[   10.507975] systemd[1]: Mounted POSIX Message Queue File System.
[[0;32m  OK  [0m] Mounted POSIX Message Queue File System.
[   10.537911] systemd[1]: Started Uncomplicated firewall.
[[0;32m  OK  [0m] Started Uncomplicated firewall.
[   10.545236] systemd[1]: Started Remount Root and Kernel File Systems.
[[0;32m  OK  [0m] Started Remount Root and Kernel File Systems.
[   10.581379] systemd[1]: Started Create list of required static device nodes for the current kernel.
[[0;32m  OK  [0m] Started Create list of required sta...ce nodes for the current kernel.
[   10.619546] systemd[1]: Started Nameserver information manager.
[   10.621719] Loading iSCSI transport class v2.0-870.
[[0;32m  OK  [0m] Started Nameserver information manager.
[   10.643526] systemd[1]: Starting Create Static Device Nodes in /dev...
         Starting Create Static Device Nodes in /dev...
[   10.649469] systemd[1]: Starting Load/Save Random Seed...
         Starting Load/Save Random Seed...
[   10.843516] systemd[1]: Starting udev Coldplug all Devices...
[   10.912286] iscsi: registered transport (tcp)
         Starting udev Coldplug all Devices...
[   10.928815] systemd[1]: Started Load/Save Random Seed.
[[0;32m  OK  [0m] Started Load/Save Random Seed.
[   10.980835] systemd[1]: Started Set console keymap.
[[0;32m  OK  [0m] Started Set console keymap.
[   11.037028] systemd[1]: Started Journal Service.
[[0;32m  OK  [0m] Started Journal Service.
[[0;32m  OK  [0m] Started udev Coldplug all Devices.
         Starting Flush Journal to Persistent Storage...
[[0;32m  OK  [0m] Started LVM2 metadata daemon.
[   11.253804] systemd-journald[383]: Received request to flush runtime journal from PID 1
[   11.262995] iscsi: registered transport (iser)
[[0;32m  OK  [0m] Started Flush Journal to Persistent Storage.
[[0;32m  OK  [0m] Started Load Kernel Modules.
         Starting Apply Kernel Variables...
         Mounting FUSE Control File System...
[[0;32m  OK  [0m] Mounted FUSE Control File System.
[[0;32m  OK  [0m] Started Create Static Device Nodes in /dev.
[[0;32m  OK  [0m] Started Apply Kernel Variables.
         Starting udev Kernel Device Manager...
[[0;32m  OK  [0m] Started udev Kernel Device Manager.
[[0;32m  OK  [0m] Started Dispatch Password Requests to Console Directory Watch.
[[0;32m  OK  [0m] Found device /dev/ttyS0.
[[0;32m  OK  [0m] Started Monitoring of LVM2 mirrors,...ng dmeventd or progress polling.
[[0;32m  OK  [0m] Reached target Local File Systems (Pre).
[[0;32m  OK  [0m] Reached target Local File Systems.
         Starting LSB: AppArmor initialization...
         Starting Create Volatile Files and Directories...
         Starting Set console font and keymap...
         Starting Tell Plymouth To Write Out Runtime Data...
         Starting Initial cloud-init job (pre-networking)...
[[0;32m  OK  [0m] Listening on Load/Save RF Kill Switch Status /dev/rfkill Watch.
[[0;32m  OK  [0m] Started Create Volatile Files and Directories.
[[0;32m  OK  [0m] Started Tell Plymouth To Write Out Runtime Data.
         Starting Update UTMP about System Boot/Shutdown...
[[0;32m  OK  [0m] Found device 82540EM Gigabit Ethern...r (PRO/1000 MT Desktop Adapter).
[[0;32m  OK  [0m] Started Update UTMP about System Boot/Shutdown.
[[0;32m  OK  [0m] Started Set console font and keymap.
[[0;32m  OK  [0m] Created slice system-getty.slice.
[[0;32m  OK  [0m] Started LSB: AppArmor initialization.
[   17.907683] cloud-init[510]: Cloud-init v. 18.4-0ubuntu1~16.04.2 running 'init-local' at Sun, 24 Feb 2019 23:32:02 +0000. Up 17.13 seconds.
[[0;32m  OK  [0m] Started Initial cloud-init job (pre-networking).
[[0;32m  OK  [0m] Reached target Network (Pre).
[[0;32m  OK  [0m] Started ifup for enp0s3.
         Starting Raise network interfaces...
[[0;32m  OK  [0m] Started Raise network interfaces.
[[0;32m  OK  [0m] Reached target Network.
         Starting Initial cloud-init job (metadata service crawler)...
[   19.494020] cloud-init[959]: Cloud-init v. 18.4-0ubuntu1~16.04.2 running 'init' at Sun, 24 Feb 2019 23:32:04 +0000. Up 18.78 seconds.
[   19.510722] cloud-init[959]: ci-info: ++++++++++++++++++++++++++++++++++++++Net device info++++++++++++++++++++++++++++++++++++++
[   19.530198] cloud-init[959]: ci-info: +--------+------+----------------------------+---------------+--------+-------------------+
[   19.542504] cloud-init[959]: ci-info: | Device |  Up  |          Address           |      Mask     | Scope  |     Hw-Address    |
[   19.547311] cloud-init[959]: ci-info: +--------+------+----------------------------+---------------+--------+-------------------+
[   19.580985] [[0;32m  OK  [0m] Started Initial cloud-init job (metadata service crawler).
cloud-init[[0;32m  OK  [0m] Reached target Network is Online.
[959]: ci-info: | enp0s3 | True |         10.0.2.15          | 255.255.255.0 | global | 02:3e:59:1c:26:9a |
[   19.597894] cloud-init[959]: ci-info: | enp0s3 | True | fe80::3e:59ff:fe1c:269a/64 |       .       |  link  | 02:3e:59:1c:26:9a |         Starting iSCSI initiator daemon (iscsid)...

[[0;32m  OK  [0m] Reached target Cloud-config availability.
[   19.624918] [[0;32m  OK  [0m] Reached target System Initialization.
cloud-init[959]: ci-info: |   lo   | True |         127.0.0.1          |   255.0.0.0   |  host  |         .         |[[0;32m  OK  [0m] Listening on UUID daemon activation socket.

[[0;32m  OK  [0m] Listening on ACPID Listen Socket.
[   19.634897] cloud-init[959]: ci-info: |   lo   | True |          ::1/128           |       .       |  host  |         .         |
[   19.639027] cloud-init[959]: ci-info: +--------+------+----------------------------+---------------+--------+-------------------+
[   19.651845] [[0;32m  OK  [0m] Started ACPI Events Check.
cloud-init[[0;32m  OK  [0m] Reached target Paths.
[959]: [[0;32m  OK  [0m] Listening on D-Bus System Message Bus Socket.
ci-info: +++++++++++++++++++++++++++Route IPv4 info++++++++++++++++++++++++++++         Starting LXD - unix socket.

[   19.663164] cloud-init[959]: ci-info: +-------+-------------+----------+---------------+-----------+-------+
[   19.667033] cloud-init[959]: ci-info: | Route | Destination | Gateway  |    Genmask    | Interface | Flags |
[   19.670723] cloud-init[959]: ci-info: +-------+-------------+----------+---------------+-----------+-------+
[   19.677986] cloud-init[959]: ci-info: |   0   |   0.0.0.0   | 10.0.2.2 |    0.0.0.0    |   enp0s3  |   UG  |
[   19.686121] cloud-init[959]: ci-info: |   1   |   10.0.2.0  | 0.0.0.0  | 255.255.255.0 |   enp0s3  |   U   |
[   19.704854] [[0;32m  OK  [0m] Started Daily apt download activities.
cloud-init[[0;32m  OK  [0m] Started Daily apt upgrade and clean activities.
[959]:          Starting Docker Socket for the API.
ci-info: +-------+-------------+----------+---------------+-----------+-------+[[0;32m  OK  [0m] Started Daily Cleanup of Temporary Directories.

[[0;32m  OK  [0m] Reached target Timers.
[   19.715154] cloud-init[959]: ci-info: +++++++++++++++++++Route IPv6 info+++++++++++++++++++
         Starting Socket activation for snappy daemon.
[   19.716835] cloud-init[959]: ci-info: +-------+-------------+---------+-----------+-------+
[   19.733200] cloud-init[959]: ci-info: | Route | Destination | Gateway | Interface | Flags |
[   19.748807] cloud-init[959]: ci-info: +-------+-------------+---------+-----------+-------+
[[   19.749474] cloud-init[959]: ci-info: |   0   |  fe80::/64  |    ::   |   enp0s3  |   U   |
[0;32m  OK  [0m[   19.751704] cloud-init[959]: ci-info: |   3   |   ff00::/8  |    ::   |   enp0s3  |   U   |
] [   19.754197] cloud-init[959]: ci-info: +-------+-------------+---------+-----------+-------+
Listening on LXD - unix socket.
[[0;32m  OK  [0m] Listening on Docker Socket for the API.
[[0;32m  OK  [0m] Listening on Socket activation for snappy daemon.
[[0;32m  OK  [0m] Reached target Sockets.
[[0;32m  OK  [0m] Reached target Basic System.
         Starting Login Service...
[[0;32m  OK  [0m] Started Regular background program processing daemon.
         Starting Docker Application Container Engine...
         Starting A high performance web server and a reverse proxy server...
         Starting LSB: MD monitoring daemon...
         Starting Accounts Service...
         Starting Snappy daemon...
         Starting LSB: Record successful boot for GRUB...
         Starting OpenBSD Secure Shell server...
         Starting /etc/rc.local Compatibility...
[[0;32m  OK  [0m] Started D-Bus System Message Bus.
         Starting Virtualbox guest utils...
[[0;32m  OK  [0m] Started Unattended Upgrades Shutdown.
[[0;32m  OK  [0m] Started Deferred execution scheduler.
         Starting System Logging Service...
[[0;32m  OK  [0m] Started ACPI event daemon.
[[0;32m  OK  [0m] Started FUSE filesystem for LXC.
         Starting containerd container runtime...
         Starting LXD - container startup/shutdown...
[[0;32m  OK  [0m] Started iSCSI initiator daemon (iscsid).
[[0;32m  OK  [0m] Started /etc/rc.local Compatibility.
[[0;32m  OK  [0m] Started OpenBSD Secure Shell server.
         Starting Login to default iSCSI targets...
[[0;32m  OK  [0m] Started Login Service.
[[0;32m  OK  [0m] Started containerd container runtime.
[[0;32m  OK  [0m] Started LSB: Record successful boot for GRUB.
         Starting Authenticate and Authorize Users to Run Privileged Tasks...
[[0;32m  OK  [0m] Started LSB: MD monitoring daemon.
[[0;32m  OK  [0m] Started Login to default iSCSI targets.
[[0;32m  OK  [0m] Reached target Remote File Systems (Pre).
[[0;32m  OK  [0m] Reached target Remote File Systems.
         Starting Permit User Sessions...
         Starting LSB: Start Jenkins at boot time...
         Starting LSB: Set the CPU Frequency Scaling governor to "ondemand"...
         Starting LSB: automatic crash report generation...
         Starting LSB: daemon to balance interrupts for SMP systems...
[[0;32m  OK  [0m] Started LSB: Set the CPU Frequency Scaling governor to "ondemand".
[[0;32m  OK  [0m] Started Permit User Sessions.
         Starting Terminate Plymouth Boot Screen...
         Starting Hold until boot process finishes up...
[[0;32m  OK  [0m] Started Terminate Plymouth Boot Screen.
[[0;32m  OK  [0m] Started Hold until boot process finishes up.
[[0;32m  OK  [0m] Started Serial Getty on ttyS0.
         Starting Set console scheme...
[[0;32m  OK  [0m] Started Getty on tty1.
[[0;32m  OK  [0m] Reached target Login Prompts.
[[0;32m  OK  [0m] Started Set console scheme.
[[0;32m  OK  [0m] Started LSB: daemon to balance interrupts for SMP systems.
[[0;32m  OK  [0m] Started LSB: automatic crash report generation.
[[0;32m  OK  [0m] Started System Logging Service.
[[0;32m  OK  [0m] Started Authenticate and Authorize Users to Run Privileged Tasks.
[[0;32m  OK  [0m] Started Accounts Service.
[[0;32m  OK  [0m] Started Virtualbox guest utils.
[[0;32m  OK  [0m] Started A high performance web server and a reverse proxy server.

Ubuntu 16.04.5 LTS ubuntu-xenial ttyS0

ubuntu-xenial login: [   31.118820] cloud-init[1236]: Cloud-init v. 18.4-0ubuntu1~16.04.2 running 'modules:config' at Sun, 24 Feb 2019 23:32:15 +0000. Up 30.18 seconds.
[   41.249263] cloud-init[1706]: Cloud-init v. 18.4-0ubuntu1~16.04.2 running 'modules:final' at Sun, 24 Feb 2019 23:32:26 +0000. Up 40.94 seconds.
[   41.249776] cloud-init[1706]: Cloud-init v. 18.4-0ubuntu1~16.04.2 finished at Sun, 24 Feb 2019 23:32:26 +0000. Datasource DataSourceNoCloud [seed=/dev/sdb][dsmode=net].  Up 41.23 seconds
